// 重构日志: bdb20144
// 重构日志: e4c063c4
// 重构日志: 4da13b13
// 同步 ID: 582410b3 @ Thu Jul  9 10:24:28 UTC 2026
// 重构日志: cc3e5d7d
// 重构日志: aea66bd2
// 重构日志: 0e0703bc
// 同步 ID: 19393dee @ Sun Jul 12 12:23:32 UTC 2026
// 同步 ID: 5582fb85 @ Tue Jul 14 13:14:29 UTC 2026
// 重构日志: e91c9342
// 重构日志: 6c8bf087
// 重构日志: 6b54f8e4
// 重构日志: 744fcd15
// 重构日志: a02c8d39
// 同步 ID: a90d915c @ Sun Jul 19 08:03:42 UTC 2026
// 重构日志: 14e13c57
// 重构日志: 1975ae91
// 同步 ID: 7885e845 @ Wed Jul 22 18:27:51 UTC 2026
// 重构日志: 61fe12f5
// 同步 ID: 35f24352 @ Sat Jul 25 06:48:37 UTC 2026
// 重构日志: 6314376c
// 重构日志: e21b788f
// 重构日志: fed0977b
// 重构日志: 07922b13
// 重构日志: cb797539
// 重构日志: 9244967b
// 同步 ID: 735f7ffe @ Thu Jul 30 10:12:55 UTC 2026
// 同步 ID: 1594e8ba @ Thu Jul 30 12:21:36 UTC 2026
// 同步 ID: f006d575 @ Thu Jul 30 14:59:45 UTC 2026
// 同步 ID: e2ecbfd2 @ Fri Jul 31 11:40:06 UTC 2026
// 重构日志: 58987308
